[INFO] Application Startup - Game Engine
[INFO] Initializing D3D12RenderAdapter...
[INFO] Loading shaders from files...
[INFO] Shader compiled: Shaders/VertexShader.hlsl
[INFO] Shader compiled: Shaders/PixelShader.hlsl
[INFO] Shader program created successfully
[INFO] Shaders successfully loaded from files.
[INFO] Texture loaded: assets/textures/texture_stepler.jpg (512x512)
[INFO] Texture fully uploaded to GPU: assets/textures/texture_stepler.jpg
[INFO] Assigned SRV index 0 to texture: assets/textures/texture_stepler.jpg
[INFO] Created SRV for texture at slot 0
[INFO] Created SRV for texture at slot 0
[INFO] Main texture loaded and SRV created
[INFO] D3D12RenderAdapter initialized successfully
[INFO] Shader compiled: Shaders/VertexShader.hlsl
[INFO] Shader compiled: Shaders/PixelShader.hlsl
[INFO] Shader program created successfully
[INFO] Mesh loaded successfully: assets/models/stepler.obj | Vertices: 234 | Indices: 840
[INFO] [ResourceManager] Mesh loaded (CPU): assets/models/stepler.obj
[INFO] Mesh loaded successfully: assets/models/cube.obj | Vertices: 24 | Indices: 36
[INFO] [ResourceManager] Mesh loaded (CPU): assets/models/cube.obj
[INFO] Texture loaded: assets/textures/heart.jpg (552x419)
[INFO] [ResourceManager] TextureData loaded: assets/textures/heart.jpg
[INFO] Texture fully uploaded to GPU: assets/textures/heart.jpg
[INFO] Assigned SRV index 1 to texture: assets/textures/heart.jpg
[INFO] Created SRV for texture at slot 1
[INFO] Successfully uploaded texture to GPU: assets/textures/heart.jpg
[INFO] InitScene completed
[INFO] Square created with ID: 3
[INFO] Camera created and stored as pointer
[INFO] === MAIN MENU ===
[INFO] Press ENTER to start the game
[INFO] Press 'W' to toggle Secondary Window
[INFO] Application successfully initialized. Starting the main Game Loop.
[INFO] Frame 1 | DeltaTime: 0.002483s
[INFO] Frame 100 | DeltaTime: 0.007095s
[INFO] Exiting Main Menu.
[INFO] === GAMEPLAY ===
[INFO] LMB: Scale | RMB: Rotate | P: Pause
[INFO] Press 'W' to toggle Secondary Window
[INFO] Objects SHOWN (auto)
[INFO] SetTexture: texture "assets/textures/texture_stepler.jpg" will be used
[INFO] GPU Upload successful: assets/models/stepler.obj | Indices: 840
[INFO] GPU Mesh uploaded for entity: 1
[INFO] DrawMesh: SUCCESS using SRV index 0 for texture assets/textures/texture_stepler.jpg
[INFO] SetTexture: texture "assets/textures/heart.jpg" will be used
[INFO] GPU Upload successful: assets/models/cube.obj | Indices: 36
[INFO] GPU Mesh uploaded for entity: 2
[INFO] DrawMesh: SUCCESS using SRV index 1 for texture assets/textures/heart.jpg
[INFO] SetTexture: texture "assets/textures/texture_stepler.jpg" will be used
[INFO] DrawMesh: SUCCESS using SRV index 0 for texture assets/textures/texture_stepler.jpg
[INFO] SetTexture: texture "assets/textures/heart.jpg" will be used
[INFO] DrawMesh: SUCCESS using SRV index 1 for texture assets/textures/heart.jpg
[INFO] SetTexture: texture "assets/textures/texture_stepler.jpg" will be used
[INFO] DrawMesh: SUCCESS using SRV index 0 for texture assets/textures/texture_stepler.jpg
[INFO] SetTexture: texture "assets/textures/heart.jpg" will be used
[INFO] DrawMesh: SUCCESS using SRV index 1 for texture assets/textures/heart.jpg
[INFO] SetTexture: texture "assets/textures/texture_stepler.jpg" will be used
[INFO] DrawMesh: SUCCESS using SRV index 0 for texture assets/textures/texture_stepler.jpg
[INFO] SetTexture: texture "assets/textures/heart.jpg" will be used
[INFO] DrawMesh: SUCCESS using SRV index 1 for texture assets/textures/heart.jpg
[INFO] SetTexture: texture "assets/textures/texture_stepler.jpg" will be used
[INFO] DrawMesh: SUCCESS using SRV index 0 for texture assets/textures/texture_stepler.jpg
[INFO] SetTexture: texture "assets/textures/heart.jpg" will be used
[INFO] DrawMesh: SUCCESS using SRV index 1 for texture assets/textures/heart.jpg
[INFO] SetTexture: texture "assets/textures/texture_stepler.jpg" will be used
[INFO] DrawMesh: SUCCESS using SRV index 0 for texture assets/textures/texture_stepler.jpg
[INFO] SetTexture: texture "assets/textures/heart.jpg" will be used
[INFO] DrawMesh: SUCCESS using SRV index 1 for texture assets/textures/heart.jpg
[INFO] SetTexture: texture "assets/textures/texture_stepler.jpg" will be used
[INFO] DrawMesh: SUCCESS using SRV index 0 for texture assets/textures/texture_stepler.jpg
[INFO] SetTexture: texture "assets/textures/heart.jpg" will be used
[INFO] DrawMesh: SUCCESS using SRV index 1 for texture assets/textures/heart.jpg
[INFO] SetTexture: texture "assets/textures/texture_stepler.jpg" will be used
[INFO] DrawMesh: SUCCESS using SRV index 0 for texture assets/textures/texture_stepler.jpg
[INFO] SetTexture: texture "assets/textures/heart.jpg" will be used
[INFO] DrawMesh: SUCCESS using SRV index 1 for texture assets/textures/heart.jpg
[INFO] SetTexture: texture "assets/textures/texture_stepler.jpg" will be used
[INFO] DrawMesh: SUCCESS using SRV index 0 for texture assets/textures/texture_stepler.jpg
[INFO] SetTexture: texture "assets/textures/heart.jpg" will be used
[INFO] DrawMesh: SUCCESS using SRV index 1 for texture assets/textures/heart.jpg
[INFO] SetTexture: texture "assets/textures/texture_stepler.jpg" will be used
[INFO] DrawMesh: SUCCESS using SRV index 0 for texture assets/textures/texture_stepler.jpg
[INFO] SetTexture: texture "assets/textures/heart.jpg" will be used
[INFO] DrawMesh: SUCCESS using SRV index 1 for texture assets/textures/heart.jpg
[INFO] SetTexture: texture "assets/textures/texture_stepler.jpg" will be used
[INFO] DrawMesh: SUCCESS using SRV index 0 for texture assets/textures/texture_stepler.jpg
[INFO] SetTexture: texture "assets/textures/heart.jpg" will be used
[INFO] DrawMesh: SUCCESS using SRV index 1 for texture assets/textures/heart.jpg
[INFO] SetTexture: texture "assets/textures/texture_stepler.jpg" will be used
[INFO] DrawMesh: SUCCESS using SRV index 0 for texture assets/textures/texture_stepler.jpg
[INFO] SetTexture: texture "assets/textures/heart.jpg" will be used
[INFO] DrawMesh: SUCCESS using SRV index 1 for texture assets/textures/heart.jpg
[INFO] SetTexture: texture "assets/textures/texture_stepler.jpg" will be used
[INFO] DrawMesh: SUCCESS using SRV index 0 for texture assets/textures/texture_stepler.jpg
[INFO] SetTexture: texture "assets/textures/heart.jpg" will be used
[INFO] DrawMesh: SUCCESS using SRV index 1 for texture assets/textures/heart.jpg
[INFO] SetTexture: texture "assets/textures/texture_stepler.jpg" will be used
[INFO] DrawMesh: SUCCESS using SRV index 0 for texture assets/textures/texture_stepler.jpg
[INFO] SetTexture: texture "assets/textures/heart.jpg" will be used
[INFO] DrawMesh: SUCCESS using SRV index 1 for texture assets/textures/heart.jpg
[INFO] SetTexture: texture "assets/textures/texture_stepler.jpg" will be used
[INFO] DrawMesh: SUCCESS using SRV index 0 for texture assets/textures/texture_stepler.jpg
[INFO] SetTexture: texture "assets/textures/heart.jpg" will be used
[INFO] DrawMesh: SUCCESS using SRV index 1 for texture assets/textures/heart.jpg
[INFO] SetTexture: texture "assets/textures/texture_stepler.jpg" will be used
[INFO] DrawMesh: SUCCESS using SRV index 0 for texture assets/textures/texture_stepler.jpg
[INFO] SetTexture: texture "assets/textures/heart.jpg" will be used
[INFO] DrawMesh: SUCCESS using SRV index 1 for texture assets/textures/heart.jpg
[INFO] SetTexture: texture "assets/textures/texture_stepler.jpg" will be used
[INFO] DrawMesh: SUCCESS using SRV index 0 for texture assets/textures/texture_stepler.jpg
[INFO] SetTexture: texture "assets/textures/heart.jpg" will be used
[INFO] DrawMesh: SUCCESS using SRV index 1 for texture assets/textures/heart.jpg
[INFO] SetTexture: texture "assets/textures/texture_stepler.jpg" will be used
[INFO] DrawMesh: SUCCESS using SRV index 0 for texture assets/textures/texture_stepler.jpg
[INFO] SetTexture: texture "assets/textures/heart.jpg" will be used
[INFO] DrawMesh: SUCCESS using SRV index 1 for texture assets/textures/heart.jpg
[INFO] SetTexture: texture "assets/textures/texture_stepler.jpg" will be used
[INFO] DrawMesh: SUCCESS using SRV index 0 for texture assets/textures/texture_stepler.jpg
[INFO] SetTexture: texture "assets/textures/heart.jpg" will be used
[INFO] DrawMesh: SUCCESS using SRV index 1 for texture assets/textures/heart.jpg
[INFO] SetTexture: texture "assets/textures/texture_stepler.jpg" will be used
[INFO] DrawMesh: SUCCESS using SRV index 0 for texture assets/textures/texture_stepler.jpg
[INFO] SetTexture: texture "assets/textures/heart.jpg" will be used
[INFO] DrawMesh: SUCCESS using SRV index 1 for texture assets/textures/heart.jpg
[INFO] SetTexture: texture "assets/textures/texture_stepler.jpg" will be used
[INFO] DrawMesh: SUCCESS using SRV index 0 for texture assets/textures/texture_stepler.jpg
[INFO] SetTexture: texture "assets/textures/heart.jpg" will be used
[INFO] DrawMesh: SUCCESS using SRV index 1 for texture assets/textures/heart.jpg
[INFO] SetTexture: texture "assets/textures/texture_stepler.jpg" will be used
[INFO] DrawMesh: SUCCESS using SRV index 0 for texture assets/textures/texture_stepler.jpg
[INFO] SetTexture: texture "assets/textures/heart.jpg" will be used
[INFO] DrawMesh: SUCCESS using SRV index 1 for texture assets/textures/heart.jpg
[INFO] SetTexture: texture "assets/textures/texture_stepler.jpg" will be used
[INFO] DrawMesh: SUCCESS using SRV index 0 for texture assets/textures/texture_stepler.jpg
[INFO] SetTexture: texture "assets/textures/heart.jpg" will be used
[INFO] DrawMesh: SUCCESS using SRV index 1 for texture assets/textures/heart.jpg
[INFO] SetTexture: texture "assets/textures/texture_stepler.jpg" will be used
[INFO] DrawMesh: SUCCESS using SRV index 0 for texture assets/textures/texture_stepler.jpg
[INFO] SetTexture: texture "assets/textures/heart.jpg" will be used
[INFO] DrawMesh: SUCCESS using SRV index 1 for texture assets/textures/heart.jpg
[INFO] SetTexture: texture "assets/textures/texture_stepler.jpg" will be used
[INFO] DrawMesh: SUCCESS using SRV index 0 for texture assets/textures/texture_stepler.jpg
[INFO] SetTexture: texture "assets/textures/heart.jpg" will be used
[INFO] DrawMesh: SUCCESS using SRV index 1 for texture assets/textures/heart.jpg
[INFO] SetTexture: texture "assets/textures/texture_stepler.jpg" will be used
[INFO] DrawMesh: SUCCESS using SRV index 0 for texture assets/textures/texture_stepler.jpg
[INFO] SetTexture: texture "assets/textures/heart.jpg" will be used
[INFO] DrawMesh: SUCCESS using SRV index 1 for texture assets/textures/heart.jpg
[INFO] SetTexture: texture "assets/textures/texture_stepler.jpg" will be used
[INFO] DrawMesh: SUCCESS using SRV index 0 for texture assets/textures/texture_stepler.jpg
[INFO] SetTexture: texture "assets/textures/heart.jpg" will be used
[INFO] DrawMesh: SUCCESS using SRV index 1 for texture assets/textures/heart.jpg
[INFO] SetTexture: texture "assets/textures/texture_stepler.jpg" will be used
[INFO] DrawMesh: SUCCESS using SRV index 0 for texture assets/textures/texture_stepler.jpg
[INFO] SetTexture: texture "assets/textures/heart.jpg" will be used
[INFO] DrawMesh: SUCCESS using SRV index 1 for texture assets/textures/heart.jpg
[INFO] SetTexture: texture "assets/textures/texture_stepler.jpg" will be used
[INFO] DrawMesh: SUCCESS using SRV index 0 for texture assets/textures/texture_stepler.jpg
[INFO] SetTexture: texture "assets/textures/heart.jpg" will be used
[INFO] DrawMesh: SUCCESS using SRV index 1 for texture assets/textures/heart.jpg
[INFO] SetTexture: texture "assets/textures/texture_stepler.jpg" will be used
[INFO] DrawMesh: SUCCESS using SRV index 0 for texture assets/textures/texture_stepler.jpg
[INFO] SetTexture: texture "assets/textures/heart.jpg" will be used
[INFO] DrawMesh: SUCCESS using SRV index 1 for texture assets/textures/heart.jpg
[INFO] SetTexture: texture "assets/textures/texture_stepler.jpg" will be used
[INFO] DrawMesh: SUCCESS using SRV index 0 for texture assets/textures/texture_stepler.jpg
[INFO] SetTexture: texture "assets/textures/heart.jpg" will be used
[INFO] DrawMesh: SUCCESS using SRV index 1 for texture assets/textures/heart.jpg
[INFO] SetTexture: texture "assets/textures/texture_stepler.jpg" will be used
[INFO] DrawMesh: SUCCESS using SRV index 0 for texture assets/textures/texture_stepler.jpg
[INFO] SetTexture: texture "assets/textures/heart.jpg" will be used
[INFO] DrawMesh: SUCCESS using SRV index 1 for texture assets/textures/heart.jpg
[INFO] SetTexture: texture "assets/textures/texture_stepler.jpg" will be used
[INFO] DrawMesh: SUCCESS using SRV index 0 for texture assets/textures/texture_stepler.jpg
[INFO] SetTexture: texture "assets/textures/heart.jpg" will be used
[INFO] DrawMesh: SUCCESS using SRV index 1 for texture assets/textures/heart.jpg
[INFO] SetTexture: texture "assets/textures/texture_stepler.jpg" will be used
[INFO] DrawMesh: SUCCESS using SRV index 0 for texture assets/textures/texture_stepler.jpg
[INFO] SetTexture: texture "assets/textures/heart.jpg" will be used
[INFO] DrawMesh: SUCCESS using SRV index 1 for texture assets/textures/heart.jpg
[INFO] SetTexture: texture "assets/textures/texture_stepler.jpg" will be used
[INFO] DrawMesh: SUCCESS using SRV index 0 for texture assets/textures/texture_stepler.jpg
[INFO] SetTexture: texture "assets/textures/heart.jpg" will be used
[INFO] DrawMesh: SUCCESS using SRV index 1 for texture assets/textures/heart.jpg
[INFO] SetTexture: texture "assets/textures/texture_stepler.jpg" will be used
[INFO] DrawMesh: SUCCESS using SRV index 0 for texture assets/textures/texture_stepler.jpg
[INFO] SetTexture: texture "assets/textures/heart.jpg" will be used
[INFO] DrawMesh: SUCCESS using SRV index 1 for texture assets/textures/heart.jpg
[INFO] SetTexture: texture "assets/textures/texture_stepler.jpg" will be used
[INFO] DrawMesh: SUCCESS using SRV index 0 for texture assets/textures/texture_stepler.jpg
[INFO] SetTexture: texture "assets/textures/heart.jpg" will be used
[INFO] DrawMesh: SUCCESS using SRV index 1 for texture assets/textures/heart.jpg
[INFO] SetTexture: texture "assets/textures/texture_stepler.jpg" will be used
[INFO] DrawMesh: SUCCESS using SRV index 0 for texture assets/textures/texture_stepler.jpg
[INFO] SetTexture: texture "assets/textures/heart.jpg" will be used
[INFO] DrawMesh: SUCCESS using SRV index 1 for texture assets/textures/heart.jpg
[INFO] SetTexture: texture "assets/textures/texture_stepler.jpg" will be used
[INFO] DrawMesh: SUCCESS using SRV index 0 for texture assets/textures/texture_stepler.jpg
[INFO] SetTexture: texture "assets/textures/heart.jpg" will be used
[INFO] DrawMesh: SUCCESS using SRV index 1 for texture assets/textures/heart.jpg
[INFO] SetTexture: texture "assets/textures/texture_stepler.jpg" will be used
[INFO] DrawMesh: SUCCESS using SRV index 0 for texture assets/textures/texture_stepler.jpg
[INFO] SetTexture: texture "assets/textures/heart.jpg" will be used
[INFO] DrawMesh: SUCCESS using SRV index 1 for texture assets/textures/heart.jpg
[INFO] SetTexture: texture "assets/textures/texture_stepler.jpg" will be used
[INFO] DrawMesh: SUCCESS using SRV index 0 for texture assets/textures/texture_stepler.jpg
[INFO] SetTexture: texture "assets/textures/heart.jpg" will be used
[INFO] DrawMesh: SUCCESS using SRV index 1 for texture assets/textures/heart.jpg
[INFO] SetTexture: texture "assets/textures/texture_stepler.jpg" will be used
[INFO] DrawMesh: SUCCESS using SRV index 0 for texture assets/textures/texture_stepler.jpg
[INFO] SetTexture: texture "assets/textures/heart.jpg" will be used
[INFO] DrawMesh: SUCCESS using SRV index 1 for texture assets/textures/heart.jpg
[INFO] SetTexture: texture "assets/textures/texture_stepler.jpg" will be used
[INFO] DrawMesh: SUCCESS using SRV index 0 for texture assets/textures/texture_stepler.jpg
[INFO] SetTexture: texture "assets/textures/heart.jpg" will be used
[INFO] DrawMesh: SUCCESS using SRV index 1 for texture assets/textures/heart.jpg
[INFO] SetTexture: texture "assets/textures/texture_stepler.jpg" will be used
[INFO] DrawMesh: SUCCESS using SRV index 0 for texture assets/textures/texture_stepler.jpg
[INFO] SetTexture: texture "assets/textures/heart.jpg" will be used
[INFO] DrawMesh: SUCCESS using SRV index 1 for texture assets/textures/heart.jpg
[INFO] SetTexture: texture "assets/textures/texture_stepler.jpg" will be used
[INFO] DrawMesh: SUCCESS using SRV index 0 for texture assets/textures/texture_stepler.jpg
[INFO] SetTexture: texture "assets/textures/heart.jpg" will be used
[INFO] DrawMesh: SUCCESS using SRV index 1 for texture assets/textures/heart.jpg
[INFO] SetTexture: texture "assets/textures/texture_stepler.jpg" will be used
[INFO] DrawMesh: SUCCESS using SRV index 0 for texture assets/textures/texture_stepler.jpg
[INFO] SetTexture: texture "assets/textures/heart.jpg" will be used
[INFO] DrawMesh: SUCCESS using SRV index 1 for texture assets/textures/heart.jpg
[INFO] SetTexture: texture "assets/textures/texture_stepler.jpg" will be used
[INFO] DrawMesh: SUCCESS using SRV index 0 for texture assets/textures/texture_stepler.jpg
[INFO] SetTexture: texture "assets/textures/heart.jpg" will be used
[INFO] DrawMesh: SUCCESS using SRV index 1 for texture assets/textures/heart.jpg
[INFO] SetTexture: texture "assets/textures/texture_stepler.jpg" will be used
[INFO] DrawMesh: SUCCESS using SRV index 0 for texture assets/textures/texture_stepler.jpg
[INFO] SetTexture: texture "assets/textures/heart.jpg" will be used
[INFO] DrawMesh: SUCCESS using SRV index 1 for texture assets/textures/heart.jpg
[INFO] SetTexture: texture "assets/textures/texture_stepler.jpg" will be used
[INFO] DrawMesh: SUCCESS using SRV index 0 for texture assets/textures/texture_stepler.jpg
[INFO] SetTexture: texture "assets/textures/heart.jpg" will be used
[INFO] DrawMesh: SUCCESS using SRV index 1 for texture assets/textures/heart.jpg
[INFO] SetTexture: texture "assets/textures/texture_stepler.jpg" will be used
[INFO] DrawMesh: SUCCESS using SRV index 0 for texture assets/textures/texture_stepler.jpg
[INFO] SetTexture: texture "assets/textures/heart.jpg" will be used
[INFO] DrawMesh: SUCCESS using SRV index 1 for texture assets/textures/heart.jpg
[INFO] SetTexture: texture "assets/textures/texture_stepler.jpg" will be used
[INFO] DrawMesh: SUCCESS using SRV index 0 for texture assets/textures/texture_stepler.jpg
[INFO] SetTexture: texture "assets/textures/heart.jpg" will be used
[INFO] DrawMesh: SUCCESS using SRV index 1 for texture assets/textures/heart.jpg
[INFO] SetTexture: texture "assets/textures/texture_stepler.jpg" will be used
[INFO] DrawMesh: SUCCESS using SRV index 0 for texture assets/textures/texture_stepler.jpg
[INFO] SetTexture: texture "assets/textures/heart.jpg" will be used
[INFO] DrawMesh: SUCCESS using SRV index 1 for texture assets/textures/heart.jpg
[INFO] SetTexture: texture "assets/textures/texture_stepler.jpg" will be used
[INFO] DrawMesh: SUCCESS using SRV index 0 for texture assets/textures/texture_stepler.jpg
[INFO] SetTexture: texture "assets/textures/heart.jpg" will be used
[INFO] DrawMesh: SUCCESS using SRV index 1 for texture assets/textures/heart.jpg
[INFO] SetTexture: texture "assets/textures/texture_stepler.jpg" will be used
[INFO] DrawMesh: SUCCESS using SRV index 0 for texture assets/textures/texture_stepler.jpg
[INFO] SetTexture: texture "assets/textures/heart.jpg" will be used
[INFO] DrawMesh: SUCCESS using SRV index 1 for texture assets/textures/heart.jpg
[INFO] SetTexture: texture "assets/textures/texture_stepler.jpg" will be used
[INFO] DrawMesh: SUCCESS using SRV index 0 for texture assets/textures/texture_stepler.jpg
[INFO] SetTexture: texture "assets/textures/heart.jpg" will be used
[INFO] DrawMesh: SUCCESS using SRV index 1 for texture assets/textures/heart.jpg
[INFO] SetTexture: texture "assets/textures/texture_stepler.jpg" will be used
[INFO] DrawMesh: SUCCESS using SRV index 0 for texture assets/textures/texture_stepler.jpg
[INFO] SetTexture: texture "assets/textures/heart.jpg" will be used
[INFO] DrawMesh: SUCCESS using SRV index 1 for texture assets/textures/heart.jpg
[INFO] SetTexture: texture "assets/textures/texture_stepler.jpg" will be used
[INFO] DrawMesh: SUCCESS using SRV index 0 for texture assets/textures/texture_stepler.jpg
[INFO] SetTexture: texture "assets/textures/heart.jpg" will be used
[INFO] DrawMesh: SUCCESS using SRV index 1 for texture assets/textures/heart.jpg
[INFO] SetTexture: texture "assets/textures/texture_stepler.jpg" will be used
[INFO] DrawMesh: SUCCESS using SRV index 0 for texture assets/textures/texture_stepler.jpg
[INFO] SetTexture: texture "assets/textures/heart.jpg" will be used
[INFO] DrawMesh: SUCCESS using SRV index 1 for texture assets/textures/heart.jpg
[INFO] SetTexture: texture "assets/textures/texture_stepler.jpg" will be used
[INFO] DrawMesh: SUCCESS using SRV index 0 for texture assets/textures/texture_stepler.jpg
[INFO] SetTexture: texture "assets/textures/heart.jpg" will be used
[INFO] DrawMesh: SUCCESS using SRV index 1 for texture assets/textures/heart.jpg
[INFO] SetTexture: texture "assets/textures/texture_stepler.jpg" will be used
[INFO] DrawMesh: SUCCESS using SRV index 0 for texture assets/textures/texture_stepler.jpg
[INFO] SetTexture: texture "assets/textures/heart.jpg" will be used
[INFO] DrawMesh: SUCCESS using SRV index 1 for texture assets/textures/heart.jpg
[INFO] SetTexture: texture "assets/textures/texture_stepler.jpg" will be used
[INFO] DrawMesh: SUCCESS using SRV index 0 for texture assets/textures/texture_stepler.jpg
[INFO] SetTexture: texture "assets/textures/heart.jpg" will be used
[INFO] DrawMesh: SUCCESS using SRV index 1 for texture assets/textures/heart.jpg
[INFO] SetTexture: texture "assets/textures/texture_stepler.jpg" will be used
[INFO] DrawMesh: SUCCESS using SRV index 0 for texture assets/textures/texture_stepler.jpg
[INFO] SetTexture: texture "assets/textures/heart.jpg" will be used
[INFO] DrawMesh: SUCCESS using SRV index 1 for texture assets/textures/heart.jpg
[INFO] SetTexture: texture "assets/textures/texture_stepler.jpg" will be used
[INFO] DrawMesh: SUCCESS using SRV index 0 for texture assets/textures/texture_stepler.jpg
[INFO] SetTexture: texture "assets/textures/heart.jpg" will be used
[INFO] DrawMesh: SUCCESS using SRV index 1 for texture assets/textures/heart.jpg
[INFO] SetTexture: texture "assets/textures/texture_stepler.jpg" will be used
[INFO] DrawMesh: SUCCESS using SRV index 0 for texture assets/textures/texture_stepler.jpg
[INFO] SetTexture: texture "assets/textures/heart.jpg" will be used
[INFO] DrawMesh: SUCCESS using SRV index 1 for texture assets/textures/heart.jpg
[INFO] SetTexture: texture "assets/textures/texture_stepler.jpg" will be used
[INFO] DrawMesh: SUCCESS using SRV index 0 for texture assets/textures/texture_stepler.jpg
[INFO] SetTexture: texture "assets/textures/heart.jpg" will be used
[INFO] DrawMesh: SUCCESS using SRV index 1 for texture assets/textures/heart.jpg
[INFO] SetTexture: texture "assets/textures/texture_stepler.jpg" will be used
[INFO] DrawMesh: SUCCESS using SRV index 0 for texture assets/textures/texture_stepler.jpg
[INFO] SetTexture: texture "assets/textures/heart.jpg" will be used
[INFO] DrawMesh: SUCCESS using SRV index 1 for texture assets/textures/heart.jpg
[INFO] SetTexture: texture "assets/textures/texture_stepler.jpg" will be used
[INFO] DrawMesh: SUCCESS using SRV index 0 for texture assets/textures/texture_stepler.jpg
[INFO] SetTexture: texture "assets/textures/heart.jpg" will be used
[INFO] DrawMesh: SUCCESS using SRV index 1 for texture assets/textures/heart.jpg
[INFO] SetTexture: texture "assets/textures/texture_stepler.jpg" will be used
[INFO] DrawMesh: SUCCESS using SRV index 0 for texture assets/textures/texture_stepler.jpg
[INFO] SetTexture: texture "assets/textures/heart.jpg" will be used
[INFO] DrawMesh: SUCCESS using SRV index 1 for texture assets/textures/heart.jpg
[INFO] SetTexture: texture "assets/textures/texture_stepler.jpg" will be used
[INFO] DrawMesh: SUCCESS using SRV index 0 for texture assets/textures/texture_stepler.jpg
[INFO] SetTexture: texture "assets/textures/heart.jpg" will be used
[INFO] DrawMesh: SUCCESS using SRV index 1 for texture assets/textures/heart.jpg
[INFO] SetTexture: texture "assets/textures/texture_stepler.jpg" will be used
[INFO] DrawMesh: SUCCESS using SRV index 0 for texture assets/textures/texture_stepler.jpg
[INFO] SetTexture: texture "assets/textures/heart.jpg" will be used
[INFO] DrawMesh: SUCCESS using SRV index 1 for texture assets/textures/heart.jpg
[INFO] SetTexture: texture "assets/textures/texture_stepler.jpg" will be used
[INFO] DrawMesh: SUCCESS using SRV index 0 for texture assets/textures/texture_stepler.jpg
[INFO] SetTexture: texture "assets/textures/heart.jpg" will be used
[INFO] DrawMesh: SUCCESS using SRV index 1 for texture assets/textures/heart.jpg
[INFO] SetTexture: texture "assets/textures/texture_stepler.jpg" will be used
[INFO] DrawMesh: SUCCESS using SRV index 0 for texture assets/textures/texture_stepler.jpg
[INFO] SetTexture: texture "assets/textures/heart.jpg" will be used
[INFO] DrawMesh: SUCCESS using SRV index 1 for texture assets/textures/heart.jpg
[INFO] SetTexture: texture "assets/textures/texture_stepler.jpg" will be used
[INFO] DrawMesh: SUCCESS using SRV index 0 for texture assets/textures/texture_stepler.jpg
[INFO] SetTexture: texture "assets/textures/heart.jpg" will be used
[INFO] DrawMesh: SUCCESS using SRV index 1 for texture assets/textures/heart.jpg
[INFO] SetTexture: texture "assets/textures/texture_stepler.jpg" will be used
[INFO] DrawMesh: SUCCESS using SRV index 0 for texture assets/textures/texture_stepler.jpg
[INFO] SetTexture: texture "assets/textures/heart.jpg" will be used
[INFO] DrawMesh: SUCCESS using SRV index 1 for texture assets/textures/heart.jpg
[INFO] SetTexture: texture "assets/textures/texture_stepler.jpg" will be used
[INFO] DrawMesh: SUCCESS using SRV index 0 for texture assets/textures/texture_stepler.jpg
[INFO] SetTexture: texture "assets/textures/heart.jpg" will be used
[INFO] DrawMesh: SUCCESS using SRV index 1 for texture assets/textures/heart.jpg
[INFO] SetTexture: texture "assets/textures/texture_stepler.jpg" will be used
[INFO] DrawMesh: SUCCESS using SRV index 0 for texture assets/textures/texture_stepler.jpg
[INFO] SetTexture: texture "assets/textures/heart.jpg" will be used
[INFO] DrawMesh: SUCCESS using SRV index 1 for texture assets/textures/heart.jpg
[INFO] SetTexture: texture "assets/textures/texture_stepler.jpg" will be used
[INFO] DrawMesh: SUCCESS using SRV index 0 for texture assets/textures/texture_stepler.jpg
[INFO] SetTexture: texture "assets/textures/heart.jpg" will be used
[INFO] DrawMesh: SUCCESS using SRV index 1 for texture assets/textures/heart.jpg
[INFO] SetTexture: texture "assets/textures/texture_stepler.jpg" will be used
[INFO] DrawMesh: SUCCESS using SRV index 0 for texture assets/textures/texture_stepler.jpg
[INFO] SetTexture: texture "assets/textures/heart.jpg" will be used
[INFO] DrawMesh: SUCCESS using SRV index 1 for texture assets/textures/heart.jpg
[INFO] SetTexture: texture "assets/textures/texture_stepler.jpg" will be used
[INFO] DrawMesh: SUCCESS using SRV index 0 for texture assets/textures/texture_stepler.jpg
[INFO] SetTexture: texture "assets/textures/heart.jpg" will be used
[INFO] DrawMesh: SUCCESS using SRV index 1 for texture assets/textures/heart.jpg
[INFO] SetTexture: texture "assets/textures/texture_stepler.jpg" will be used
[INFO] DrawMesh: SUCCESS using SRV index 0 for texture assets/textures/texture_stepler.jpg
[INFO] SetTexture: texture "assets/textures/heart.jpg" will be used
[INFO] DrawMesh: SUCCESS using SRV index 1 for texture assets/textures/heart.jpg
[INFO] SetTexture: texture "assets/textures/texture_stepler.jpg" will be used
[INFO] DrawMesh: SUCCESS using SRV index 0 for texture assets/textures/texture_stepler.jpg
[INFO] SetTexture: texture "assets/textures/heart.jpg" will be used
[INFO] DrawMesh: SUCCESS using SRV index 1 for texture assets/textures/heart.jpg
[INFO] SetTexture: texture "assets/textures/texture_stepler.jpg" will be used
[INFO] DrawMesh: SUCCESS using SRV index 0 for texture assets/textures/texture_stepler.jpg
[INFO] SetTexture: texture "assets/textures/heart.jpg" will be used
[INFO] DrawMesh: SUCCESS using SRV index 1 for texture assets/textures/heart.jpg
[INFO] SetTexture: texture "assets/textures/texture_stepler.jpg" will be used
[INFO] DrawMesh: SUCCESS using SRV index 0 for texture assets/textures/texture_stepler.jpg
[INFO] SetTexture: texture "assets/textures/heart.jpg" will be used
[INFO] DrawMesh: SUCCESS using SRV index 1 for texture assets/textures/heart.jpg
[INFO] SetTexture: texture "assets/textures/texture_stepler.jpg" will be used
[INFO] DrawMesh: SUCCESS using SRV index 0 for texture assets/textures/texture_stepler.jpg
[INFO] SetTexture: texture "assets/textures/heart.jpg" will be used
[INFO] DrawMesh: SUCCESS using SRV index 1 for texture assets/textures/heart.jpg
[INFO] SetTexture: texture "assets/textures/texture_stepler.jpg" will be used
[INFO] DrawMesh: SUCCESS using SRV index 0 for texture assets/textures/texture_stepler.jpg
[INFO] SetTexture: texture "assets/textures/heart.jpg" will be used
[INFO] DrawMesh: SUCCESS using SRV index 1 for texture assets/textures/heart.jpg
[INFO] Frame 200 | DeltaTime: 0.006803s
[INFO] SetTexture: texture "assets/textures/texture_stepler.jpg" will be used
[INFO] DrawMesh: SUCCESS using SRV index 0 for texture assets/textures/texture_stepler.jpg
[INFO] SetTexture: texture "assets/textures/heart.jpg" will be used
[INFO] DrawMesh: SUCCESS using SRV index 1 for texture assets/textures/heart.jpg
[INFO] SetTexture: texture "assets/textures/texture_stepler.jpg" will be used
[INFO] DrawMesh: SUCCESS using SRV index 0 for texture assets/textures/texture_stepler.jpg
[INFO] SetTexture: texture "assets/textures/heart.jpg" will be used
[INFO] DrawMesh: SUCCESS using SRV index 1 for texture assets/textures/heart.jpg
[INFO] SetTexture: texture "assets/textures/texture_stepler.jpg" will be used
[INFO] DrawMesh: SUCCESS using SRV index 0 for texture assets/textures/texture_stepler.jpg
[INFO] SetTexture: texture "assets/textures/heart.jpg" will be used
[INFO] DrawMesh: SUCCESS using SRV index 1 for texture assets/textures/heart.jpg
[INFO] SetTexture: texture "assets/textures/texture_stepler.jpg" will be used
[INFO] DrawMesh: SUCCESS using SRV index 0 for texture assets/textures/texture_stepler.jpg
[INFO] SetTexture: texture "assets/textures/heart.jpg" will be used
[INFO] DrawMesh: SUCCESS using SRV index 1 for texture assets/textures/heart.jpg
[INFO] SetTexture: texture "assets/textures/texture_stepler.jpg" will be used
[INFO] DrawMesh: SUCCESS using SRV index 0 for texture assets/textures/texture_stepler.jpg
[INFO] SetTexture: texture "assets/textures/heart.jpg" will be used
[INFO] DrawMesh: SUCCESS using SRV index 1 for texture assets/textures/heart.jpg
[INFO] SetTexture: texture "assets/textures/texture_stepler.jpg" will be used
[INFO] DrawMesh: SUCCESS using SRV index 0 for texture assets/textures/texture_stepler.jpg
[INFO] SetTexture: texture "assets/textures/heart.jpg" will be used
[INFO] DrawMesh: SUCCESS using SRV index 1 for texture assets/textures/heart.jpg
[INFO] SetTexture: texture "assets/textures/texture_stepler.jpg" will be used
[INFO] DrawMesh: SUCCESS using SRV index 0 for texture assets/textures/texture_stepler.jpg
[INFO] SetTexture: texture "assets/textures/heart.jpg" will be used
[INFO] DrawMesh: SUCCESS using SRV index 1 for texture assets/textures/heart.jpg
[INFO] SetTexture: texture "assets/textures/texture_stepler.jpg" will be used
[INFO] DrawMesh: SUCCESS using SRV index 0 for texture assets/textures/texture_stepler.jpg
[INFO] SetTexture: texture "assets/textures/heart.jpg" will be used
[INFO] DrawMesh: SUCCESS using SRV index 1 for texture assets/textures/heart.jpg
[INFO] SetTexture: texture "assets/textures/texture_stepler.jpg" will be used
[INFO] DrawMesh: SUCCESS using SRV index 0 for texture assets/textures/texture_stepler.jpg
[INFO] SetTexture: texture "assets/textures/heart.jpg" will be used
[INFO] DrawMesh: SUCCESS using SRV index 1 for texture assets/textures/heart.jpg
[INFO] SetTexture: texture "assets/textures/texture_stepler.jpg" will be used
[INFO] DrawMesh: SUCCESS using SRV index 0 for texture assets/textures/texture_stepler.jpg
[INFO] SetTexture: texture "assets/textures/heart.jpg" will be used
[INFO] DrawMesh: SUCCESS using SRV index 1 for texture assets/textures/heart.jpg
[INFO] SetTexture: texture "assets/textures/texture_stepler.jpg" will be used
[INFO] DrawMesh: SUCCESS using SRV index 0 for texture assets/textures/texture_stepler.jpg
[INFO] SetTexture: texture "assets/textures/heart.jpg" will be used
[INFO] DrawMesh: SUCCESS using SRV index 1 for texture assets/textures/heart.jpg
[INFO] SetTexture: texture "assets/textures/texture_stepler.jpg" will be used
[INFO] DrawMesh: SUCCESS using SRV index 0 for texture assets/textures/texture_stepler.jpg
[INFO] SetTexture: texture "assets/textures/heart.jpg" will be used
[INFO] DrawMesh: SUCCESS using SRV index 1 for texture assets/textures/heart.jpg
[INFO] SetTexture: texture "assets/textures/texture_stepler.jpg" will be used
[INFO] DrawMesh: SUCCESS using SRV index 0 for texture assets/textures/texture_stepler.jpg
[INFO] SetTexture: texture "assets/textures/heart.jpg" will be used
[INFO] DrawMesh: SUCCESS using SRV index 1 for texture assets/textures/heart.jpg
[INFO] SetTexture: texture "assets/textures/texture_stepler.jpg" will be used
[INFO] DrawMesh: SUCCESS using SRV index 0 for texture assets/textures/texture_stepler.jpg
[INFO] SetTexture: texture "assets/textures/heart.jpg" will be used
[INFO] DrawMesh: SUCCESS using SRV index 1 for texture assets/textures/heart.jpg
[INFO] SetTexture: texture "assets/textures/texture_stepler.jpg" will be used
[INFO] DrawMesh: SUCCESS using SRV index 0 for texture assets/textures/texture_stepler.jpg
[INFO] SetTexture: texture "assets/textures/heart.jpg" will be used
[INFO] DrawMesh: SUCCESS using SRV index 1 for texture assets/textures/heart.jpg
[INFO] SetTexture: texture "assets/textures/texture_stepler.jpg" will be used
[INFO] DrawMesh: SUCCESS using SRV index 0 for texture assets/textures/texture_stepler.jpg
[INFO] SetTexture: texture "assets/textures/heart.jpg" will be used
[INFO] DrawMesh: SUCCESS using SRV index 1 for texture assets/textures/heart.jpg
[INFO] SetTexture: texture "assets/textures/texture_stepler.jpg" will be used
[INFO] DrawMesh: SUCCESS using SRV index 0 for texture assets/textures/texture_stepler.jpg
[INFO] SetTexture: texture "assets/textures/heart.jpg" will be used
[INFO] DrawMesh: SUCCESS using SRV index 1 for texture assets/textures/heart.jpg
[INFO] SetTexture: texture "assets/textures/texture_stepler.jpg" will be used
[INFO] DrawMesh: SUCCESS using SRV index 0 for texture assets/textures/texture_stepler.jpg
[INFO] SetTexture: texture "assets/textures/heart.jpg" will be used
[INFO] DrawMesh: SUCCESS using SRV index 1 for texture assets/textures/heart.jpg
[INFO] SetTexture: texture "assets/textures/texture_stepler.jpg" will be used
[INFO] DrawMesh: SUCCESS using SRV index 0 for texture assets/textures/texture_stepler.jpg
[INFO] SetTexture: texture "assets/textures/heart.jpg" will be used
[INFO] DrawMesh: SUCCESS using SRV index 1 for texture assets/textures/heart.jpg
[INFO] SetTexture: texture "assets/textures/texture_stepler.jpg" will be used
[INFO] DrawMesh: SUCCESS using SRV index 0 for texture assets/textures/texture_stepler.jpg
[INFO] SetTexture: texture "assets/textures/heart.jpg" will be used
[INFO] DrawMesh: SUCCESS using SRV index 1 for texture assets/textures/heart.jpg
[INFO] SetTexture: texture "assets/textures/texture_stepler.jpg" will be used
[INFO] DrawMesh: SUCCESS using SRV index 0 for texture assets/textures/texture_stepler.jpg
[INFO] SetTexture: texture "assets/textures/heart.jpg" will be used
[INFO] DrawMesh: SUCCESS using SRV index 1 for texture assets/textures/heart.jpg
[INFO] SetTexture: texture "assets/textures/texture_stepler.jpg" will be used
[INFO] DrawMesh: SUCCESS using SRV index 0 for texture assets/textures/texture_stepler.jpg
[INFO] SetTexture: texture "assets/textures/heart.jpg" will be used
[INFO] DrawMesh: SUCCESS using SRV index 1 for texture assets/textures/heart.jpg
[INFO] SetTexture: texture "assets/textures/texture_stepler.jpg" will be used
[INFO] DrawMesh: SUCCESS using SRV index 0 for texture assets/textures/texture_stepler.jpg
[INFO] SetTexture: texture "assets/textures/heart.jpg" will be used
[INFO] DrawMesh: SUCCESS using SRV index 1 for texture assets/textures/heart.jpg
[INFO] SetTexture: texture "assets/textures/texture_stepler.jpg" will be used
[INFO] DrawMesh: SUCCESS using SRV index 0 for texture assets/textures/texture_stepler.jpg
[INFO] SetTexture: texture "assets/textures/heart.jpg" will be used
[INFO] DrawMesh: SUCCESS using SRV index 1 for texture assets/textures/heart.jpg
[INFO] SetTexture: texture "assets/textures/texture_stepler.jpg" will be used
[INFO] DrawMesh: SUCCESS using SRV index 0 for texture assets/textures/texture_stepler.jpg
[INFO] SetTexture: texture "assets/textures/heart.jpg" will be used
[INFO] DrawMesh: SUCCESS using SRV index 1 for texture assets/textures/heart.jpg
[INFO] SetTexture: texture "assets/textures/texture_stepler.jpg" will be used
[INFO] DrawMesh: SUCCESS using SRV index 0 for texture assets/textures/texture_stepler.jpg
[INFO] SetTexture: texture "assets/textures/heart.jpg" will be used
[INFO] DrawMesh: SUCCESS using SRV index 1 for texture assets/textures/heart.jpg
[INFO] SetTexture: texture "assets/textures/texture_stepler.jpg" will be used
[INFO] DrawMesh: SUCCESS using SRV index 0 for texture assets/textures/texture_stepler.jpg
[INFO] SetTexture: texture "assets/textures/heart.jpg" will be used
[INFO] DrawMesh: SUCCESS using SRV index 1 for texture assets/textures/heart.jpg
[INFO] SetTexture: texture "assets/textures/texture_stepler.jpg" will be used
[INFO] DrawMesh: SUCCESS using SRV index 0 for texture assets/textures/texture_stepler.jpg
[INFO] SetTexture: texture "assets/textures/heart.jpg" will be used
[INFO] DrawMesh: SUCCESS using SRV index 1 for texture assets/textures/heart.jpg
[INFO] SetTexture: texture "assets/textures/texture_stepler.jpg" will be used
[INFO] DrawMesh: SUCCESS using SRV index 0 for texture assets/textures/texture_stepler.jpg
[INFO] SetTexture: texture "assets/textures/heart.jpg" will be used
[INFO] DrawMesh: SUCCESS using SRV index 1 for texture assets/textures/heart.jpg
[INFO] SetTexture: texture "assets/textures/texture_stepler.jpg" will be used
[INFO] DrawMesh: SUCCESS using SRV index 0 for texture assets/textures/texture_stepler.jpg
[INFO] SetTexture: texture "assets/textures/heart.jpg" will be used
[INFO] DrawMesh: SUCCESS using SRV index 1 for texture assets/textures/heart.jpg
[INFO] SetTexture: texture "assets/textures/texture_stepler.jpg" will be used
[INFO] DrawMesh: SUCCESS using SRV index 0 for texture assets/textures/texture_stepler.jpg
[INFO] SetTexture: texture "assets/textures/heart.jpg" will be used
[INFO] DrawMesh: SUCCESS using SRV index 1 for texture assets/textures/heart.jpg
[INFO] SetTexture: texture "assets/textures/texture_stepler.jpg" will be used
[INFO] DrawMesh: SUCCESS using SRV index 0 for texture assets/textures/texture_stepler.jpg
[INFO] SetTexture: texture "assets/textures/heart.jpg" will be used
[INFO] DrawMesh: SUCCESS using SRV index 1 for texture assets/textures/heart.jpg
[INFO] SetTexture: texture "assets/textures/texture_stepler.jpg" will be used
[INFO] DrawMesh: SUCCESS using SRV index 0 for texture assets/textures/texture_stepler.jpg
[INFO] SetTexture: texture "assets/textures/heart.jpg" will be used
[INFO] DrawMesh: SUCCESS using SRV index 1 for texture assets/textures/heart.jpg
[INFO] SetTexture: texture "assets/textures/texture_stepler.jpg" will be used
[INFO] DrawMesh: SUCCESS using SRV index 0 for texture assets/textures/texture_stepler.jpg
[INFO] SetTexture: texture "assets/textures/heart.jpg" will be used
[INFO] DrawMesh: SUCCESS using SRV index 1 for texture assets/textures/heart.jpg
[INFO] SetTexture: texture "assets/textures/texture_stepler.jpg" will be used
[INFO] DrawMesh: SUCCESS using SRV index 0 for texture assets/textures/texture_stepler.jpg
[INFO] SetTexture: texture "assets/textures/heart.jpg" will be used
[INFO] DrawMesh: SUCCESS using SRV index 1 for texture assets/textures/heart.jpg
[INFO] SetTexture: texture "assets/textures/texture_stepler.jpg" will be used
[INFO] DrawMesh: SUCCESS using SRV index 0 for texture assets/textures/texture_stepler.jpg
[INFO] SetTexture: texture "assets/textures/heart.jpg" will be used
[INFO] DrawMesh: SUCCESS using SRV index 1 for texture assets/textures/heart.jpg
[INFO] SetTexture: texture "assets/textures/texture_stepler.jpg" will be used
[INFO] DrawMesh: SUCCESS using SRV index 0 for texture assets/textures/texture_stepler.jpg
[INFO] SetTexture: texture "assets/textures/heart.jpg" will be used
[INFO] DrawMesh: SUCCESS using SRV index 1 for texture assets/textures/heart.jpg
[INFO] SetTexture: texture "assets/textures/texture_stepler.jpg" will be used
[INFO] DrawMesh: SUCCESS using SRV index 0 for texture assets/textures/texture_stepler.jpg
[INFO] SetTexture: texture "assets/textures/heart.jpg" will be used
[INFO] DrawMesh: SUCCESS using SRV index 1 for texture assets/textures/heart.jpg
[INFO] SetTexture: texture "assets/textures/texture_stepler.jpg" will be used
[INFO] DrawMesh: SUCCESS using SRV index 0 for texture assets/textures/texture_stepler.jpg
[INFO] SetTexture: texture "assets/textures/heart.jpg" will be used
[INFO] DrawMesh: SUCCESS using SRV index 1 for texture assets/textures/heart.jpg
[INFO] SetTexture: texture "assets/textures/texture_stepler.jpg" will be used
[INFO] DrawMesh: SUCCESS using SRV index 0 for texture assets/textures/texture_stepler.jpg
[INFO] SetTexture: texture "assets/textures/heart.jpg" will be used
[INFO] DrawMesh: SUCCESS using SRV index 1 for texture assets/textures/heart.jpg
[INFO] SetTexture: texture "assets/textures/texture_stepler.jpg" will be used
[INFO] DrawMesh: SUCCESS using SRV index 0 for texture assets/textures/texture_stepler.jpg
[INFO] SetTexture: texture "assets/textures/heart.jpg" will be used
[INFO] DrawMesh: SUCCESS using SRV index 1 for texture assets/textures/heart.jpg
[INFO] SetTexture: texture "assets/textures/texture_stepler.jpg" will be used
[INFO] DrawMesh: SUCCESS using SRV index 0 for texture assets/textures/texture_stepler.jpg
[INFO] SetTexture: texture "assets/textures/heart.jpg" will be used
[INFO] DrawMesh: SUCCESS using SRV index 1 for texture assets/textures/heart.jpg
[INFO] SetTexture: texture "assets/textures/texture_stepler.jpg" will be used
[INFO] DrawMesh: SUCCESS using SRV index 0 for texture assets/textures/texture_stepler.jpg
[INFO] SetTexture: texture "assets/textures/heart.jpg" will be used
[INFO] DrawMesh: SUCCESS using SRV index 1 for texture assets/textures/heart.jpg
[INFO] SetTexture: texture "assets/textures/texture_stepler.jpg" will be used
[INFO] DrawMesh: SUCCESS using SRV index 0 for texture assets/textures/texture_stepler.jpg
[INFO] SetTexture: texture "assets/textures/heart.jpg" will be used
[INFO] DrawMesh: SUCCESS using SRV index 1 for texture assets/textures/heart.jpg
[INFO] SetTexture: texture "assets/textures/texture_stepler.jpg" will be used
[INFO] DrawMesh: SUCCESS using SRV index 0 for texture assets/textures/texture_stepler.jpg
[INFO] SetTexture: texture "assets/textures/heart.jpg" will be used
[INFO] DrawMesh: SUCCESS using SRV index 1 for texture assets/textures/heart.jpg
[INFO] SetTexture: texture "assets/textures/texture_stepler.jpg" will be used
[INFO] DrawMesh: SUCCESS using SRV index 0 for texture assets/textures/texture_stepler.jpg
[INFO] SetTexture: texture "assets/textures/heart.jpg" will be used
[INFO] DrawMesh: SUCCESS using SRV index 1 for texture assets/textures/heart.jpg
[INFO] SetTexture: texture "assets/textures/texture_stepler.jpg" will be used
[INFO] DrawMesh: SUCCESS using SRV index 0 for texture assets/textures/texture_stepler.jpg
[INFO] SetTexture: texture "assets/textures/heart.jpg" will be used
[INFO] DrawMesh: SUCCESS using SRV index 1 for texture assets/textures/heart.jpg
[INFO] SetTexture: texture "assets/textures/texture_stepler.jpg" will be used
[INFO] DrawMesh: SUCCESS using SRV index 0 for texture assets/textures/texture_stepler.jpg
[INFO] SetTexture: texture "assets/textures/heart.jpg" will be used
[INFO] DrawMesh: SUCCESS using SRV index 1 for texture assets/textures/heart.jpg
[INFO] SetTexture: texture "assets/textures/texture_stepler.jpg" will be used
[INFO] DrawMesh: SUCCESS using SRV index 0 for texture assets/textures/texture_stepler.jpg
[INFO] SetTexture: texture "assets/textures/heart.jpg" will be used
[INFO] DrawMesh: SUCCESS using SRV index 1 for texture assets/textures/heart.jpg
[INFO] SetTexture: texture "assets/textures/texture_stepler.jpg" will be used
[INFO] DrawMesh: SUCCESS using SRV index 0 for texture assets/textures/texture_stepler.jpg
[INFO] SetTexture: texture "assets/textures/heart.jpg" will be used
[INFO] DrawMesh: SUCCESS using SRV index 1 for texture assets/textures/heart.jpg
[INFO] SetTexture: texture "assets/textures/texture_stepler.jpg" will be used
[INFO] DrawMesh: SUCCESS using SRV index 0 for texture assets/textures/texture_stepler.jpg
[INFO] SetTexture: texture "assets/textures/heart.jpg" will be used
[INFO] DrawMesh: SUCCESS using SRV index 1 for texture assets/textures/heart.jpg
[INFO] SetTexture: texture "assets/textures/texture_stepler.jpg" will be used
[INFO] DrawMesh: SUCCESS using SRV index 0 for texture assets/textures/texture_stepler.jpg
[INFO] SetTexture: texture "assets/textures/heart.jpg" will be used
[INFO] DrawMesh: SUCCESS using SRV index 1 for texture assets/textures/heart.jpg
[INFO] SetTexture: texture "assets/textures/texture_stepler.jpg" will be used
[INFO] DrawMesh: SUCCESS using SRV index 0 for texture assets/textures/texture_stepler.jpg
[INFO] SetTexture: texture "assets/textures/heart.jpg" will be used
[INFO] DrawMesh: SUCCESS using SRV index 1 for texture assets/textures/heart.jpg
[INFO] SetTexture: texture "assets/textures/texture_stepler.jpg" will be used
[INFO] DrawMesh: SUCCESS using SRV index 0 for texture assets/textures/texture_stepler.jpg
[INFO] SetTexture: texture "assets/textures/heart.jpg" will be used
[INFO] DrawMesh: SUCCESS using SRV index 1 for texture assets/textures/heart.jpg
[INFO] SetTexture: texture "assets/textures/texture_stepler.jpg" will be used
[INFO] DrawMesh: SUCCESS using SRV index 0 for texture assets/textures/texture_stepler.jpg
[INFO] SetTexture: texture "assets/textures/heart.jpg" will be used
[INFO] DrawMesh: SUCCESS using SRV index 1 for texture assets/textures/heart.jpg
[INFO] SetTexture: texture "assets/textures/texture_stepler.jpg" will be used
[INFO] DrawMesh: SUCCESS using SRV index 0 for texture assets/textures/texture_stepler.jpg
[INFO] SetTexture: texture "assets/textures/heart.jpg" will be used
[INFO] DrawMesh: SUCCESS using SRV index 1 for texture assets/textures/heart.jpg
[INFO] SetTexture: texture "assets/textures/texture_stepler.jpg" will be used
[INFO] DrawMesh: SUCCESS using SRV index 0 for texture assets/textures/texture_stepler.jpg
[INFO] SetTexture: texture "assets/textures/heart.jpg" will be used
[INFO] DrawMesh: SUCCESS using SRV index 1 for texture assets/textures/heart.jpg
[INFO] SetTexture: texture "assets/textures/texture_stepler.jpg" will be used
[INFO] DrawMesh: SUCCESS using SRV index 0 for texture assets/textures/texture_stepler.jpg
[INFO] SetTexture: texture "assets/textures/heart.jpg" will be used
[INFO] DrawMesh: SUCCESS using SRV index 1 for texture assets/textures/heart.jpg
[INFO] SetTexture: texture "assets/textures/texture_stepler.jpg" will be used
[INFO] DrawMesh: SUCCESS using SRV index 0 for texture assets/textures/texture_stepler.jpg
[INFO] SetTexture: texture "assets/textures/heart.jpg" will be used
[INFO] DrawMesh: SUCCESS using SRV index 1 for texture assets/textures/heart.jpg
[INFO] SetTexture: texture "assets/textures/texture_stepler.jpg" will be used
[INFO] DrawMesh: SUCCESS using SRV index 0 for texture assets/textures/texture_stepler.jpg
[INFO] SetTexture: texture "assets/textures/heart.jpg" will be used
[INFO] DrawMesh: SUCCESS using SRV index 1 for texture assets/textures/heart.jpg
[INFO] SetTexture: texture "assets/textures/texture_stepler.jpg" will be used
[INFO] DrawMesh: SUCCESS using SRV index 0 for texture assets/textures/texture_stepler.jpg
[INFO] SetTexture: texture "assets/textures/heart.jpg" will be used
[INFO] DrawMesh: SUCCESS using SRV index 1 for texture assets/textures/heart.jpg
[INFO] SetTexture: texture "assets/textures/texture_stepler.jpg" will be used
[INFO] DrawMesh: SUCCESS using SRV index 0 for texture assets/textures/texture_stepler.jpg
[INFO] SetTexture: texture "assets/textures/heart.jpg" will be used
[INFO] DrawMesh: SUCCESS using SRV index 1 for texture assets/textures/heart.jpg
[INFO] SetTexture: texture "assets/textures/texture_stepler.jpg" will be used
[INFO] DrawMesh: SUCCESS using SRV index 0 for texture assets/textures/texture_stepler.jpg
[INFO] SetTexture: texture "assets/textures/heart.jpg" will be used
[INFO] DrawMesh: SUCCESS using SRV index 1 for texture assets/textures/heart.jpg
[INFO] SetTexture: texture "assets/textures/texture_stepler.jpg" will be used
[INFO] DrawMesh: SUCCESS using SRV index 0 for texture assets/textures/texture_stepler.jpg
[INFO] SetTexture: texture "assets/textures/heart.jpg" will be used
[INFO] DrawMesh: SUCCESS using SRV index 1 for texture assets/textures/heart.jpg
[INFO] SetTexture: texture "assets/textures/texture_stepler.jpg" will be used
[INFO] DrawMesh: SUCCESS using SRV index 0 for texture assets/textures/texture_stepler.jpg
[INFO] SetTexture: texture "assets/textures/heart.jpg" will be used
[INFO] DrawMesh: SUCCESS using SRV index 1 for texture assets/textures/heart.jpg
[INFO] SetTexture: texture "assets/textures/texture_stepler.jpg" will be used
[INFO] DrawMesh: SUCCESS using SRV index 0 for texture assets/textures/texture_stepler.jpg
[INFO] SetTexture: texture "assets/textures/heart.jpg" will be used
[INFO] DrawMesh: SUCCESS using SRV index 1 for texture assets/textures/heart.jpg
[INFO] SetTexture: texture "assets/textures/texture_stepler.jpg" will be used
[INFO] DrawMesh: SUCCESS using SRV index 0 for texture assets/textures/texture_stepler.jpg
[INFO] SetTexture: texture "assets/textures/heart.jpg" will be used
[INFO] DrawMesh: SUCCESS using SRV index 1 for texture assets/textures/heart.jpg
[INFO] SetTexture: texture "assets/textures/texture_stepler.jpg" will be used
[INFO] DrawMesh: SUCCESS using SRV index 0 for texture assets/textures/texture_stepler.jpg
[INFO] SetTexture: texture "assets/textures/heart.jpg" will be used
[INFO] DrawMesh: SUCCESS using SRV index 1 for texture assets/textures/heart.jpg
[INFO] SetTexture: texture "assets/textures/texture_stepler.jpg" will be used
[INFO] DrawMesh: SUCCESS using SRV index 0 for texture assets/textures/texture_stepler.jpg
[INFO] SetTexture: texture "assets/textures/heart.jpg" will be used
[INFO] DrawMesh: SUCCESS using SRV index 1 for texture assets/textures/heart.jpg
[INFO] SetTexture: texture "assets/textures/texture_stepler.jpg" will be used
[INFO] DrawMesh: SUCCESS using SRV index 0 for texture assets/textures/texture_stepler.jpg
[INFO] SetTexture: texture "assets/textures/heart.jpg" will be used
[INFO] DrawMesh: SUCCESS using SRV index 1 for texture assets/textures/heart.jpg
[INFO] Application shutdown complete
[INFO] Exiting Gameplay.
