  TextureData.cpp
C:\Users\Анна\Documents\!ИТМО\Движки\Engine--3\Engine-main\Chapter 4 Direct3D Initialization\Init Direct3D\TextureData.cpp(1,1): warning C4005: STB_IMAGE_IMPLEMENTATION: изменение макроопределения
      C:\Users\Анна\Documents\!ИТМО\Движки\Engine--3\Engine-main\Chapter 4 Direct3D Initialization\Init Direct3D\TextureData.cpp(1,1):
      "STB_IMAGE_IMPLEMENTATION" ранее объявлен в командной строке
  
C:\Program Files\Microsoft Visual Studio\2022\Community\VC\Tools\MSVC\14.38.33130\include\xstring(2749,53): warning C4244: аргумент: преобразование "wchar_t" в "const _Elem", возможна потеря данных
C:\Program Files\Microsoft Visual Studio\2022\Community\VC\Tools\MSVC\14.38.33130\include\xstring(2749,53): warning C4244:         with
C:\Program Files\Microsoft Visual Studio\2022\Community\VC\Tools\MSVC\14.38.33130\include\xstring(2749,53): warning C4244:         [
C:\Program Files\Microsoft Visual Studio\2022\Community\VC\Tools\MSVC\14.38.33130\include\xstring(2749,53): warning C4244:             _Elem=char
C:\Program Files\Microsoft Visual Studio\2022\Community\VC\Tools\MSVC\14.38.33130\include\xstring(2749,53): warning C4244:         ]
  (компиляция исходного файла "TextureData.cpp")
      C:\Program Files\Microsoft Visual Studio\2022\Community\VC\Tools\MSVC\14.38.33130\include\xstring(2749,53):
      контекст создания экземпляра шаблона (сначала самый старый)
          C:\Users\Анна\Documents\!ИТМО\Движки\Engine--3\Engine-main\Chapter 4 Direct3D Initialization\Init Direct3D\Logger.h(40,27):
          выполняется компиляция ссылки на экземпляр шаблон функции "std::basic_string<char,std::char_traits<char>,std::allocator<char>>::basic_string<std::_String_iterator<std::_String_val<std::_Simple_types<_Elem>>>,0>(_Iter,_Iter,const _Alloc &)"
          with
          [
              _Elem=wchar_t,
              _Iter=std::_String_iterator<std::_String_val<std::_Simple_types<wchar_t>>>,
              _Alloc=std::allocator<char>
          ]
              C:\Users\Анна\Documents\!ИТМО\Движки\Engine--3\Engine-main\Chapter 4 Direct3D Initialization\Init Direct3D\Logger.h(40,27):
              см. первую ссылку на "std::basic_string<char,std::char_traits<char>,std::allocator<char>>::basic_string" в "Logger::Error"
          C:\Program Files\Microsoft Visual Studio\2022\Community\VC\Tools\MSVC\14.38.33130\include\xstring(2590,17):
          выполняется компиляция ссылки на экземпляр шаблон функции "void std::basic_string<char,std::char_traits<char>,std::allocator<char>>::_Construct_from_iter<wchar_t*,wchar_t*,_Size_type>(_Iter,const _Sent,_Size)"
          with
          [
              _Size_type=unsigned __int64,
              _Iter=wchar_t *,
              _Sent=wchar_t *,
              _Size=unsigned __int64
          ]
  
  Init Direct3D.vcxproj -> C:\Users\Анна\Documents\!ИТМО\Движки\Engine--3\Engine-main\Chapter 4 Direct3D Initialization\Init Direct3D\x64\Debug\Init Direct3D.exe
